
> build
> vite build

[36mvite v7.3.0 [32mbuilding client environment for production...[36m[39m
transforming...
[32mΓ£ô[39m 21 modules transformed.
node.exe : [31mΓ£ù[39m 
Build failed in 1.91s
At C:\Program 
Files\nodejs\npm.ps1:29 
char:3
+   & $NODE_EXE $NPM_CLI_JS 
$args
+   ~~~~~~~~~~~~~~~~~~~~~~~~
~~~~~
    + CategoryInfo          
    : NotSpecified: ([31m  
  Γ£ù[39m Build failed i   
 n 1.91s:String) [], Rem    
oteException
    + FullyQualifiedErrorId 
    : NativeCommandError
 
[31merror during build:
[31m[vite:css] [postcss] C:
/Users/srimaza/Gravitycodes/
src/index.css:87:3: The `sha
dow-[0_10px_40px_-15px_rgba(
0,` class does not exist. 
If `shadow-[0_10px_40px_-15p
x_rgba(0,` is a custom 
class, make sure it is 
defined within a `@layer` 
directive.[31m
file: [36mC:/Users/srimaza/
Gravitycodes/src/index.css:8
7:2[31m
    at Input.error (C:\Users
\srimaza\Gravitycodes\node_m
odules\postcss\lib\input.js:
135:16)
    at AtRule.error (C:\User
s\srimaza\Gravitycodes\node_
modules\postcss\lib\node.js:
146:32)
    at processApply (C:\User
s\srimaza\Gravitycodes\node_
modules\tailwindcss\lib\lib\
expandApplyAtRules.js:380:29
)
    at C:\Users\srimaza\Grav
itycodes\node_modules\tailwi
ndcss\lib\lib\expandApplyAtR
ules.js:551:9
    at C:\Users\srimaza\Grav
itycodes\node_modules\tailwi
ndcss\lib\processTailwindFea
tures.js:55:50
    at async plugins (C:\Use
rs\srimaza\Gravitycodes\node
_modules\tailwindcss\lib\plu
gin.js:38:17)
    at async 
LazyResult.runAsync (C:\User
s\srimaza\Gravitycodes\node_
modules\postcss\lib\lazy-res
ult.js:293:11)
    at async runPostCSS (fil
e:///C:/Users/srimaza/Gravit
ycodes/node_modules/vite/dis
t/node/chunks/config.js:3014
4:19)
    at async compilePostCSS 
(file:///C:/Users/srimaza/Gr
avitycodes/node_modules/vite
/dist/node/chunks/config.js:
30128:6)
    at async compileCSS (fil
e:///C:/Users/srimaza/Gravit
ycodes/node_modules/vite/dis
t/node/chunks/config.js:3005
8:26)[39m
