
> build
> next build

node.exe :  ΓÜá Warning: 
Next.js inferred your 
workspace root, but it may 
not be correct.
At C:\Program 
Files\nodejs\npm.ps1:29 
char:3
+   & $NODE_EXE $NPM_CLI_JS 
$args
+   ~~~~~~~~~~~~~~~~~~~~~~~~
~~~~~
    + CategoryInfo          
    : NotSpecified: ( ΓÜá   
  Warning: N...not be cor   
 rect.:String) [], Remot    
eException
    + FullyQualifiedErrorId 
    : NativeCommandError
 
 We detected multiple 
lockfiles and selected the 
directory of C:\Users\srimaz
a\package-lock.json as the 
root directory.
 To silence this warning, 
set `outputFileTracingRoot` 
in your Next.js config, or 
consider removing one of 
the lockfiles if it's not 
needed.
   See https://nextjs.org/do
cs/app/api-reference/config/
next-config-js/output#caveat
s for more information.
 Detected additional 
lockfiles: 
   * C:\Users\srimaza\Gravit
ycodes\package-lock.json

   Γû▓ Next.js 15.5.9

   Creating an optimized production build ...
 Γ£ô Compiled successfully in 7.5s
   Skipping validation of types
   Skipping linting
   Collecting page data ...
   Generating static pages (0/7) ...
   Generating static pages (1/7) 
   Generating static pages (3/7) 
   Generating static pages (5/7) 
 Γ£ô Generating static pages (7/7)
   Finalizing page optimization ...
   Collecting build traces ...
   Exporting (0/2) ...
 Γ£ô Exporting (2/2)

Route (app)                                 Size  First Load JS
Γöî Γùï /                                    6.77 kB         149 kB
Γö£ Γùï /_not-found                            993 B         103 kB
Γö£ Γùï /about                               3.29 kB         141 kB
Γöö Γùï /contact                             3.69 kB         142 kB
+ First Load JS shared by all             102 kB
  Γö£ chunks/255-27bbb95e7de292d8.js       46.1 kB
  Γö£ chunks/4bd1b696-c023c6e3521b1417.js  54.2 kB
  Γöö other shared chunks (total)             2 kB


Γùï  (Static)  prerendered as static content

